// Jest Snapshot v1, https://goo.gl/fbAQLP

exports[`Game API: Subscription should send message when game started 1`] = `
Object {
  "current": "user_1",
  "enemyBoard": Array [
    Array [
      "",
      "",
      "",
      "",
      "",
      "",
      "",
      "",
      "",
      "",
    ],
    Array [
      "",
      "",
      "",
      "",
      "",
      "",
      "",
      "",
      "",
      "",
    ],
    Array [
      "",
      "",
      "",
      "",
      "",
      "",
      "",
      "",
      "",
      "",
    ],
    Array [
      "",
      "",
      "",
      "",
      "",
      "",
      "",
      "",
      "",
      "",
    ],
    Array [
      "",
      "",
      "",
      "",
      "",
      "",
      "",
      "",
      "",
      "",
    ],
    Array [
      "",
      "",
      "",
      "",
      "",
      "",
      "",
      "",
      "",
      "",
    ],
    Array [
      "",
      "",
      "",
      "",
      "",
      "",
      "",
      "",
      "",
      "",
    ],
    Array [
      "",
      "",
      "",
      "",
      "",
      "",
      "",
      "",
      "",
      "",
    ],
    Array [
      "",
      "",
      "",
      "",
      "",
      "",
      "",
      "",
      "",
      "",
    ],
    Array [
      "",
      "",
      "",
      "",
      "",
      "",
      "",
      "",
      "",
      "",
    ],
  ],
  "id": "game_1",
  "ownBoard": Object {
    "cells": Array [
      Array [
        "+",
        "",
        "",
        "+",
        "",
        "",
        "+",
        "+",
        "+",
        "+",
      ],
      Array [
        "+",
        "",
        "",
        "+",
        "",
        "",
        "",
        "",
        "",
        "",
      ],
      Array [
        "",
        "",
        "",
        "+",
        "",
        "",
        "",
        "",
        "",
        "+",
      ],
      Array [
        "",
        "",
        "",
        "",
        "",
        "",
        "",
        "",
        "",
        "+",
      ],
      Array [
        "",
        "+",
        "+",
        "+",
        "",
        "",
        "",
        "",
        "",
        "",
      ],
      Array [
        "",
        "",
        "",
        "",
        "",
        "",
        "+",
        "",
        "",
        "",
      ],
      Array [
        "",
        "",
        "",
        "",
        "",
        "",
        "",
        "",
        "",
        "",
      ],
      Array [
        "",
        "",
        "",
        "",
        "",
        "",
        "",
        "",
        "",
        "",
      ],
      Array [
        "",
        "",
        "",
        "+",
        "",
        "+",
        "",
        "",
        "+",
        "",
      ],
      Array [
        "+",
        "",
        "",
        "",
        "",
        "",
        "",
        "",
        "+",
        "",
      ],
    ],
    "ships": Array [
      Object {
        "direction": 2,
        "position": Object {
          "x": 6,
          "y": 0,
        },
        "size": 4,
      },
      Object {
        "direction": 1,
        "position": Object {
          "x": 3,
          "y": 0,
        },
        "size": 3,
      },
      Object {
        "direction": 2,
        "position": Object {
          "x": 1,
          "y": 4,
        },
        "size": 3,
      },
      Object {
        "direction": 1,
        "position": Object {
          "x": 0,
          "y": 0,
        },
        "size": 2,
      },
      Object {
        "direction": 1,
        "position": Object {
          "x": 9,
          "y": 2,
        },
        "size": 2,
      },
      Object {
        "direction": 1,
        "position": Object {
          "x": 8,
          "y": 8,
        },
        "size": 2,
      },
      Object {
        "direction": 1,
        "position": Object {
          "x": 6,
          "y": 5,
        },
        "size": 1,
      },
      Object {
        "direction": 1,
        "position": Object {
          "x": 3,
          "y": 8,
        },
        "size": 1,
      },
      Object {
        "direction": 1,
        "position": Object {
          "x": 5,
          "y": 8,
        },
        "size": 1,
      },
      Object {
        "direction": 1,
        "position": Object {
          "x": 0,
          "y": 9,
        },
        "size": 1,
      },
    ],
  },
  "ownerId": "user_1",
  "secondPlayerId": "user_2",
  "state": "playerTurn",
  "waiting": "user_2",
  "winnerId": null,
}
`;

exports[`Game API: Subscription should send message when user joined 1`] = `
Object {
  "current": null,
  "enemyBoard": Object {
    "cells": Array [
      Array [
        "",
        "",
        "",
        "",
        "",
        "",
        "",
        "",
        "",
        "",
      ],
      Array [
        "",
        "",
        "",
        "",
        "",
        "",
        "",
        "",
        "",
        "",
      ],
      Array [
        "",
        "",
        "",
        "",
        "",
        "",
        "",
        "",
        "",
        "",
      ],
      Array [
        "",
        "",
        "",
        "",
        "",
        "",
        "",
        "",
        "",
        "",
      ],
      Array [
        "",
        "",
        "",
        "",
        "",
        "",
        "",
        "",
        "",
        "",
      ],
      Array [
        "",
        "",
        "",
        "",
        "",
        "",
        "",
        "",
        "",
        "",
      ],
      Array [
        "",
        "",
        "",
        "",
        "",
        "",
        "",
        "",
        "",
        "",
      ],
      Array [
        "",
        "",
        "",
        "",
        "",
        "",
        "",
        "",
        "",
        "",
      ],
      Array [
        "",
        "",
        "",
        "",
        "",
        "",
        "",
        "",
        "",
        "",
      ],
      Array [
        "",
        "",
        "",
        "",
        "",
        "",
        "",
        "",
        "",
        "",
      ],
    ],
    "ships": Array [],
  },
  "enemyId": "user_2",
  "id": "game_1",
  "ownBoard": Object {
    "cells": Array [
      Array [
        "+",
        "",
        "",
        "+",
        "",
        "",
        "+",
        "+",
        "+",
        "+",
      ],
      Array [
        "+",
        "",
        "",
        "+",
        "",
        "",
        "",
        "",
        "",
        "",
      ],
      Array [
        "",
        "",
        "",
        "+",
        "",
        "",
        "",
        "",
        "",
        "+",
      ],
      Array [
        "",
        "",
        "",
        "",
        "",
        "",
        "",
        "",
        "",
        "+",
      ],
      Array [
        "",
        "+",
        "+",
        "+",
        "",
        "",
        "",
        "",
        "",
        "",
      ],
      Array [
        "",
        "",
        "",
        "",
        "",
        "",
        "+",
        "",
        "",
        "",
      ],
      Array [
        "",
        "",
        "",
        "",
        "",
        "",
        "",
        "",
        "",
        "",
      ],
      Array [
        "",
        "",
        "",
        "",
        "",
        "",
        "",
        "",
        "",
        "",
      ],
      Array [
        "",
        "",
        "",
        "+",
        "",
        "+",
        "",
        "",
        "+",
        "",
      ],
      Array [
        "+",
        "",
        "",
        "",
        "",
        "",
        "",
        "",
        "+",
        "",
      ],
    ],
    "ships": Array [
      Object {
        "direction": 2,
        "position": Object {
          "x": 6,
          "y": 0,
        },
        "size": 4,
      },
      Object {
        "direction": 1,
        "position": Object {
          "x": 3,
          "y": 0,
        },
        "size": 3,
      },
      Object {
        "direction": 2,
        "position": Object {
          "x": 1,
          "y": 4,
        },
        "size": 3,
      },
      Object {
        "direction": 1,
        "position": Object {
          "x": 0,
          "y": 0,
        },
        "size": 2,
      },
      Object {
        "direction": 1,
        "position": Object {
          "x": 9,
          "y": 2,
        },
        "size": 2,
      },
      Object {
        "direction": 1,
        "position": Object {
          "x": 8,
          "y": 8,
        },
        "size": 2,
      },
      Object {
        "direction": 1,
        "position": Object {
          "x": 6,
          "y": 5,
        },
        "size": 1,
      },
      Object {
        "direction": 1,
        "position": Object {
          "x": 3,
          "y": 8,
        },
        "size": 1,
      },
      Object {
        "direction": 1,
        "position": Object {
          "x": 5,
          "y": 8,
        },
        "size": 1,
      },
      Object {
        "direction": 1,
        "position": Object {
          "x": 0,
          "y": 9,
        },
        "size": 1,
      },
    ],
  },
  "ownId": "user_1",
  "ownerId": "user_1",
  "state": "awaitingStart",
  "waiting": null,
  "winnerId": null,
}
`;

exports[`Game API: Subscription should send message when user make a turn 1`] = `
Object {
  "current": "user_2",
  "enemyBoard": Array [
    Array [
      "",
      "",
      "",
      "",
      "",
      "",
      "",
      "",
      "",
      "",
    ],
    Array [
      "",
      "",
      "",
      "",
      "",
      "",
      "",
      "",
      "",
      "",
    ],
    Array [
      "",
      "",
      "",
      "",
      "",
      "",
      "",
      "",
      "",
      "",
    ],
    Array [
      "",
      "",
      "",
      "",
      "",
      "",
      "",
      "",
      "",
      "",
    ],
    Array [
      "",
      "",
      "",
      "",
      "",
      "",
      "",
      "",
      "",
      "",
    ],
    Array [
      "",
      "",
      "",
      "",
      "",
      "",
      "",
      "",
      "",
      "",
    ],
    Array [
      "",
      "",
      "",
      "",
      "",
      "",
      "",
      "",
      "",
      "",
    ],
    Array [
      "",
      "",
      "",
      "",
      "",
      "",
      "",
      "",
      "",
      "",
    ],
    Array [
      "",
      "",
      "",
      "",
      "",
      "",
      "",
      "",
      "",
      "",
    ],
    Array [
      "",
      "",
      "",
      "",
      "",
      "",
      "",
      "",
      "",
      "",
    ],
  ],
  "id": "game_1",
  "ownBoard": Object {
    "cells": Array [
      Array [
        "+",
        "",
        "",
        "+",
        "",
        "",
        "+",
        "+",
        "+",
        "+",
      ],
      Array [
        "+",
        "o",
        "",
        "+",
        "",
        "",
        "",
        "",
        "",
        "",
      ],
      Array [
        "",
        "",
        "",
        "+",
        "",
        "",
        "",
        "",
        "",
        "+",
      ],
      Array [
        "",
        "",
        "",
        "",
        "",
        "",
        "",
        "",
        "",
        "+",
      ],
      Array [
        "",
        "+",
        "+",
        "+",
        "",
        "",
        "",
        "",
        "",
        "",
      ],
      Array [
        "",
        "",
        "",
        "",
        "",
        "",
        "+",
        "",
        "",
        "",
      ],
      Array [
        "",
        "",
        "",
        "",
        "",
        "",
        "",
        "",
        "",
        "",
      ],
      Array [
        "",
        "",
        "",
        "",
        "",
        "",
        "",
        "",
        "",
        "",
      ],
      Array [
        "",
        "",
        "",
        "+",
        "",
        "+",
        "",
        "",
        "+",
        "",
      ],
      Array [
        "+",
        "",
        "",
        "",
        "",
        "",
        "",
        "",
        "+",
        "",
      ],
    ],
    "ships": Array [
      Object {
        "direction": 2,
        "position": Object {
          "x": 6,
          "y": 0,
        },
        "size": 4,
      },
      Object {
        "direction": 1,
        "position": Object {
          "x": 3,
          "y": 0,
        },
        "size": 3,
      },
      Object {
        "direction": 2,
        "position": Object {
          "x": 1,
          "y": 4,
        },
        "size": 3,
      },
      Object {
        "direction": 1,
        "position": Object {
          "x": 0,
          "y": 0,
        },
        "size": 2,
      },
      Object {
        "direction": 1,
        "position": Object {
          "x": 9,
          "y": 2,
        },
        "size": 2,
      },
      Object {
        "direction": 1,
        "position": Object {
          "x": 8,
          "y": 8,
        },
        "size": 2,
      },
      Object {
        "direction": 1,
        "position": Object {
          "x": 6,
          "y": 5,
        },
        "size": 1,
      },
      Object {
        "direction": 1,
        "position": Object {
          "x": 3,
          "y": 8,
        },
        "size": 1,
      },
      Object {
        "direction": 1,
        "position": Object {
          "x": 5,
          "y": 8,
        },
        "size": 1,
      },
      Object {
        "direction": 1,
        "position": Object {
          "x": 0,
          "y": 9,
        },
        "size": 1,
      },
    ],
  },
  "ownerId": "user_1",
  "secondPlayerId": "user_2",
  "state": "playerTurn",
  "waiting": "user_1",
  "winnerId": null,
}
`;
