// Jest Snapshot v1, https://goo.gl/fbAQLP

exports[`Game State transitions MAKE_TURN should destroy other player ship 1`] = `
Object {
  "current": Object {
    "id": "player_2",
    "name": "Player 2",
  },
  "enemyBoard": Array [
    Array [
      "",
      "",
      "",
      "",
      "",
      "",
      "",
      "",
      "",
      "",
    ],
    Array [
      "",
      "",
      "",
      "",
      "",
      "",
      "",
      "",
      "",
      "",
    ],
    Array [
      "",
      "",
      "",
      "",
      "",
      "",
      "",
      "",
      "",
      "",
    ],
    Array [
      "",
      "",
      "",
      "",
      "",
      "",
      "",
      "",
      "",
      "",
    ],
    Array [
      "",
      "",
      "",
      "",
      "",
      "",
      "",
      "",
      "",
      "",
    ],
    Array [
      "",
      "",
      "",
      "",
      "",
      "",
      "",
      "",
      "",
      "",
    ],
    Array [
      "",
      "",
      "",
      "",
      "",
      "",
      "",
      "",
      "",
      "",
    ],
    Array [
      "",
      "",
      "",
      "",
      "",
      "",
      "",
      "",
      "",
      "",
    ],
    Array [
      "",
      "",
      "",
      "",
      "",
      "",
      "",
      "",
      "",
      "",
    ],
    Array [
      "",
      "",
      "",
      "",
      "",
      "",
      "",
      "",
      "",
      "",
    ],
  ],
  "ownBoard": Array [
    Array [
      "+",
      "+",
      "",
      "+",
      "",
      "o",
      "+",
      "+",
      "+",
      "+",
    ],
    Array [
      "",
      "",
      "",
      "+",
      "",
      "",
      "",
      "",
      "",
      "",
    ],
    Array [
      "",
      "",
      "",
      "+",
      "",
      "",
      "",
      "",
      "",
      "+",
    ],
    Array [
      "",
      "",
      "",
      "",
      "",
      "",
      "",
      "",
      "",
      "+",
    ],
    Array [
      "",
      "+",
      "",
      "",
      "",
      "",
      "",
      "",
      "",
      "",
    ],
    Array [
      "",
      "+",
      "",
      "",
      "",
      "",
      "+",
      "",
      "",
      "",
    ],
    Array [
      "",
      "+",
      "",
      "",
      "",
      "",
      "",
      "",
      "",
      "",
    ],
    Array [
      "",
      "",
      "",
      "",
      "",
      "",
      "",
      "",
      "",
      "",
    ],
    Array [
      "",
      "",
      "",
      "+",
      "",
      "+",
      "",
      "",
      "+",
      "",
    ],
    Array [
      "+",
      "",
      "",
      "",
      "",
      "",
      "",
      "",
      "+",
      "",
    ],
  ],
  "state": "playerATurn",
  "waiting": Object {
    "id": "player_1",
    "name": "Player 1",
  },
  "winnerId": null,
}
`;

exports[`Game State transitions MAKE_TURN should hit other player ship 1`] = `
Object {
  "current": Object {
    "id": "player_1",
    "name": "Player 1",
  },
  "enemyBoard": Array [
    Array [
      "",
      "",
      "",
      "",
      "",
      "",
      "x",
      "",
      "",
      "",
    ],
    Array [
      "",
      "",
      "",
      "",
      "",
      "",
      "",
      "",
      "",
      "",
    ],
    Array [
      "",
      "",
      "",
      "",
      "",
      "",
      "",
      "",
      "",
      "",
    ],
    Array [
      "",
      "",
      "",
      "",
      "",
      "",
      "",
      "",
      "",
      "",
    ],
    Array [
      "",
      "",
      "",
      "",
      "",
      "",
      "",
      "",
      "",
      "",
    ],
    Array [
      "",
      "",
      "",
      "",
      "",
      "",
      "",
      "",
      "",
      "",
    ],
    Array [
      "",
      "",
      "",
      "",
      "",
      "",
      "",
      "",
      "",
      "",
    ],
    Array [
      "",
      "",
      "",
      "",
      "",
      "",
      "",
      "",
      "",
      "",
    ],
    Array [
      "",
      "",
      "",
      "",
      "",
      "",
      "",
      "",
      "",
      "",
    ],
    Array [
      "",
      "",
      "",
      "",
      "",
      "",
      "",
      "",
      "",
      "",
    ],
  ],
  "ownBoard": Array [
    Array [
      "+",
      "+",
      "",
      "+",
      "",
      "",
      "+",
      "+",
      "+",
      "+",
    ],
    Array [
      "",
      "",
      "",
      "+",
      "",
      "",
      "",
      "",
      "",
      "",
    ],
    Array [
      "",
      "",
      "",
      "+",
      "",
      "",
      "",
      "",
      "",
      "+",
    ],
    Array [
      "",
      "",
      "",
      "",
      "",
      "",
      "",
      "",
      "",
      "+",
    ],
    Array [
      "",
      "+",
      "",
      "",
      "",
      "",
      "",
      "",
      "",
      "",
    ],
    Array [
      "",
      "+",
      "",
      "",
      "",
      "",
      "+",
      "",
      "",
      "",
    ],
    Array [
      "",
      "+",
      "",
      "",
      "",
      "",
      "",
      "",
      "",
      "",
    ],
    Array [
      "",
      "",
      "",
      "",
      "",
      "",
      "",
      "",
      "",
      "",
    ],
    Array [
      "",
      "",
      "",
      "+",
      "",
      "+",
      "",
      "",
      "+",
      "",
    ],
    Array [
      "+",
      "",
      "",
      "",
      "",
      "",
      "",
      "",
      "+",
      "",
    ],
  ],
  "state": "playerATurn",
  "waiting": Object {
    "id": "player_2",
    "name": "Player 2",
  },
  "winnerId": null,
}
`;

exports[`Game State transitions MAKE_TURN should hit other player ship and continue current player turn 1`] = `
Object {
  "current": Object {
    "id": "player_1",
    "name": "Player 1",
  },
  "enemyBoard": Array [
    Array [
      "",
      "",
      "",
      "",
      "",
      "",
      "x",
      "",
      "",
      "",
    ],
    Array [
      "",
      "",
      "",
      "",
      "",
      "",
      "",
      "",
      "",
      "",
    ],
    Array [
      "",
      "",
      "",
      "",
      "",
      "",
      "",
      "",
      "",
      "",
    ],
    Array [
      "",
      "",
      "",
      "",
      "",
      "",
      "",
      "",
      "",
      "",
    ],
    Array [
      "",
      "",
      "",
      "",
      "",
      "",
      "",
      "",
      "",
      "",
    ],
    Array [
      "",
      "",
      "",
      "",
      "",
      "",
      "",
      "",
      "",
      "",
    ],
    Array [
      "",
      "",
      "",
      "",
      "",
      "",
      "",
      "",
      "",
      "",
    ],
    Array [
      "",
      "",
      "",
      "",
      "",
      "",
      "",
      "",
      "",
      "",
    ],
    Array [
      "",
      "",
      "",
      "",
      "",
      "",
      "",
      "",
      "",
      "",
    ],
    Array [
      "",
      "",
      "",
      "",
      "",
      "",
      "",
      "",
      "",
      "",
    ],
  ],
  "ownBoard": Array [
    Array [
      "+",
      "+",
      "",
      "+",
      "",
      "",
      "+",
      "+",
      "+",
      "+",
    ],
    Array [
      "",
      "",
      "",
      "+",
      "",
      "",
      "",
      "",
      "",
      "",
    ],
    Array [
      "",
      "",
      "",
      "+",
      "",
      "",
      "",
      "",
      "",
      "+",
    ],
    Array [
      "",
      "",
      "",
      "",
      "",
      "",
      "",
      "",
      "",
      "+",
    ],
    Array [
      "",
      "+",
      "",
      "",
      "",
      "",
      "",
      "",
      "",
      "",
    ],
    Array [
      "",
      "+",
      "",
      "",
      "",
      "",
      "+",
      "",
      "",
      "",
    ],
    Array [
      "",
      "+",
      "",
      "",
      "",
      "",
      "",
      "",
      "",
      "",
    ],
    Array [
      "",
      "",
      "",
      "",
      "",
      "",
      "",
      "",
      "",
      "",
    ],
    Array [
      "",
      "",
      "",
      "+",
      "",
      "+",
      "",
      "",
      "+",
      "",
    ],
    Array [
      "+",
      "",
      "",
      "",
      "",
      "",
      "",
      "",
      "+",
      "",
    ],
  ],
  "state": "playerATurn",
  "waiting": Object {
    "id": "player_2",
    "name": "Player 2",
  },
  "winnerId": null,
}
`;

exports[`Game State transitions MAKE_TURN should keep player turn on shooting at the hit cell 1`] = `
Object {
  "current": Object {
    "id": "player_1",
    "name": "Player 1",
  },
  "enemyBoard": Array [
    Array [
      "",
      "",
      "",
      "",
      "",
      "",
      "x",
      "",
      "",
      "",
    ],
    Array [
      "",
      "",
      "",
      "",
      "",
      "",
      "",
      "",
      "",
      "",
    ],
    Array [
      "",
      "",
      "",
      "",
      "",
      "",
      "",
      "",
      "",
      "",
    ],
    Array [
      "",
      "",
      "",
      "",
      "",
      "",
      "",
      "",
      "",
      "",
    ],
    Array [
      "",
      "",
      "",
      "",
      "",
      "",
      "",
      "",
      "",
      "",
    ],
    Array [
      "",
      "",
      "",
      "",
      "",
      "",
      "",
      "",
      "",
      "",
    ],
    Array [
      "",
      "",
      "",
      "",
      "",
      "",
      "",
      "",
      "",
      "",
    ],
    Array [
      "",
      "",
      "",
      "",
      "",
      "",
      "",
      "",
      "",
      "",
    ],
    Array [
      "",
      "",
      "",
      "",
      "",
      "",
      "",
      "",
      "",
      "",
    ],
    Array [
      "",
      "",
      "",
      "",
      "",
      "",
      "",
      "",
      "",
      "",
    ],
  ],
  "ownBoard": Array [
    Array [
      "+",
      "+",
      "",
      "+",
      "",
      "",
      "+",
      "+",
      "+",
      "+",
    ],
    Array [
      "",
      "",
      "",
      "+",
      "",
      "",
      "",
      "",
      "",
      "",
    ],
    Array [
      "",
      "",
      "",
      "+",
      "",
      "",
      "",
      "",
      "",
      "+",
    ],
    Array [
      "",
      "",
      "",
      "",
      "",
      "",
      "",
      "",
      "",
      "+",
    ],
    Array [
      "",
      "+",
      "",
      "",
      "",
      "",
      "",
      "",
      "",
      "",
    ],
    Array [
      "",
      "+",
      "",
      "",
      "",
      "",
      "+",
      "",
      "",
      "",
    ],
    Array [
      "",
      "+",
      "",
      "",
      "",
      "",
      "",
      "",
      "",
      "",
    ],
    Array [
      "",
      "",
      "",
      "",
      "",
      "",
      "",
      "",
      "",
      "",
    ],
    Array [
      "",
      "",
      "",
      "+",
      "",
      "+",
      "",
      "",
      "+",
      "",
    ],
    Array [
      "+",
      "",
      "",
      "",
      "",
      "",
      "",
      "",
      "+",
      "",
    ],
  ],
  "state": "playerATurn",
  "waiting": Object {
    "id": "player_2",
    "name": "Player 2",
  },
  "winnerId": null,
}
`;

exports[`Game State transitions MAKE_TURN should switch player on miss 1`] = `
Object {
  "current": Object {
    "id": "player_2",
    "name": "Player 2",
  },
  "enemyBoard": Array [
    Array [
      "",
      "",
      "",
      "",
      "",
      "",
      "",
      "",
      "",
      "",
    ],
    Array [
      "",
      "",
      "",
      "",
      "",
      "",
      "",
      "",
      "",
      "",
    ],
    Array [
      "",
      "",
      "",
      "",
      "",
      "",
      "",
      "",
      "",
      "",
    ],
    Array [
      "",
      "",
      "",
      "",
      "",
      "",
      "",
      "",
      "",
      "",
    ],
    Array [
      "",
      "",
      "",
      "",
      "",
      "",
      "",
      "",
      "",
      "",
    ],
    Array [
      "",
      "",
      "",
      "",
      "",
      "",
      "",
      "",
      "",
      "",
    ],
    Array [
      "",
      "",
      "",
      "",
      "",
      "",
      "",
      "",
      "",
      "",
    ],
    Array [
      "",
      "",
      "",
      "",
      "",
      "",
      "",
      "",
      "",
      "",
    ],
    Array [
      "",
      "",
      "",
      "",
      "",
      "",
      "",
      "",
      "",
      "",
    ],
    Array [
      "",
      "",
      "",
      "",
      "",
      "",
      "",
      "",
      "",
      "",
    ],
  ],
  "ownBoard": Array [
    Array [
      "+",
      "+",
      "",
      "+",
      "",
      "o",
      "+",
      "+",
      "+",
      "+",
    ],
    Array [
      "",
      "",
      "",
      "+",
      "",
      "",
      "",
      "",
      "",
      "",
    ],
    Array [
      "",
      "",
      "",
      "+",
      "",
      "",
      "",
      "",
      "",
      "+",
    ],
    Array [
      "",
      "",
      "",
      "",
      "",
      "",
      "",
      "",
      "",
      "+",
    ],
    Array [
      "",
      "+",
      "",
      "",
      "",
      "",
      "",
      "",
      "",
      "",
    ],
    Array [
      "",
      "+",
      "",
      "",
      "",
      "",
      "+",
      "",
      "",
      "",
    ],
    Array [
      "",
      "+",
      "",
      "",
      "",
      "",
      "",
      "",
      "",
      "",
    ],
    Array [
      "",
      "",
      "",
      "",
      "",
      "",
      "",
      "",
      "",
      "",
    ],
    Array [
      "",
      "",
      "",
      "+",
      "",
      "+",
      "",
      "",
      "+",
      "",
    ],
    Array [
      "+",
      "",
      "",
      "",
      "",
      "",
      "",
      "",
      "+",
      "",
    ],
  ],
  "state": "playerATurn",
  "waiting": Object {
    "id": "player_1",
    "name": "Player 1",
  },
  "winnerId": null,
}
`;

exports[`Game State transitions MAKE_TURN should throw error 1`] = `
Object {
  "current": Object {
    "id": "player_2",
    "name": "Player 2",
  },
  "enemyBoard": Array [
    Array [
      "",
      "",
      "",
      "",
      "",
      "",
      "",
      "",
      "",
      "",
    ],
    Array [
      "",
      "",
      "",
      "",
      "",
      "",
      "",
      "",
      "",
      "",
    ],
    Array [
      "",
      "",
      "",
      "",
      "",
      "",
      "",
      "",
      "",
      "",
    ],
    Array [
      "",
      "",
      "",
      "",
      "",
      "",
      "",
      "",
      "",
      "",
    ],
    Array [
      "",
      "",
      "",
      "",
      "",
      "",
      "",
      "",
      "",
      "",
    ],
    Array [
      "",
      "",
      "",
      "",
      "",
      "",
      "",
      "",
      "",
      "",
    ],
    Array [
      "",
      "",
      "",
      "",
      "",
      "",
      "",
      "",
      "",
      "",
    ],
    Array [
      "",
      "",
      "",
      "",
      "",
      "",
      "",
      "",
      "",
      "",
    ],
    Array [
      "",
      "",
      "",
      "",
      "",
      "",
      "",
      "",
      "",
      "",
    ],
    Array [
      "",
      "",
      "",
      "",
      "",
      "",
      "",
      "",
      "",
      "",
    ],
  ],
  "ownBoard": Array [
    Array [
      "+",
      "+",
      "",
      "+",
      "",
      "o",
      "+",
      "+",
      "+",
      "+",
    ],
    Array [
      "",
      "",
      "",
      "+",
      "",
      "",
      "",
      "",
      "",
      "",
    ],
    Array [
      "",
      "",
      "",
      "+",
      "",
      "",
      "",
      "",
      "",
      "+",
    ],
    Array [
      "",
      "",
      "",
      "",
      "",
      "",
      "",
      "",
      "",
      "+",
    ],
    Array [
      "",
      "+",
      "",
      "",
      "",
      "",
      "",
      "",
      "",
      "",
    ],
    Array [
      "",
      "+",
      "",
      "",
      "",
      "",
      "+",
      "",
      "",
      "",
    ],
    Array [
      "",
      "+",
      "",
      "",
      "",
      "",
      "",
      "",
      "",
      "",
    ],
    Array [
      "",
      "",
      "",
      "",
      "",
      "",
      "",
      "",
      "",
      "",
    ],
    Array [
      "",
      "",
      "",
      "+",
      "",
      "+",
      "",
      "",
      "+",
      "",
    ],
    Array [
      "+",
      "",
      "",
      "",
      "",
      "",
      "",
      "",
      "+",
      "",
    ],
  ],
  "state": "playerATurn",
  "waiting": Object {
    "id": "player_1",
    "name": "Player 1",
  },
  "winnerId": null,
}
`;
