// Jest Snapshot v1, https://goo.gl/fbAQLP

exports[`Game API: Subscription should send message when game started 1`] = `
Object {
  "current": Object {
    "id": "user_1",
    "name": "UserA",
  },
  "enemyBoard": Array [
    Array [
      "",
      "",
      "",
      "",
      "",
      "",
      "",
      "",
      "",
      "",
    ],
    Array [
      "",
      "",
      "",
      "",
      "",
      "",
      "",
      "",
      "",
      "",
    ],
    Array [
      "",
      "",
      "",
      "",
      "",
      "",
      "",
      "",
      "",
      "",
    ],
    Array [
      "",
      "",
      "",
      "",
      "",
      "",
      "",
      "",
      "",
      "",
    ],
    Array [
      "",
      "",
      "",
      "",
      "",
      "",
      "",
      "",
      "",
      "",
    ],
    Array [
      "",
      "",
      "",
      "",
      "",
      "",
      "",
      "",
      "",
      "",
    ],
    Array [
      "",
      "",
      "",
      "",
      "",
      "",
      "",
      "",
      "",
      "",
    ],
    Array [
      "",
      "",
      "",
      "",
      "",
      "",
      "",
      "",
      "",
      "",
    ],
    Array [
      "",
      "",
      "",
      "",
      "",
      "",
      "",
      "",
      "",
      "",
    ],
    Array [
      "",
      "",
      "",
      "",
      "",
      "",
      "",
      "",
      "",
      "",
    ],
  ],
  "id": "game_1",
  "ownBoard": Array [
    Array [
      "+",
      "+",
      "",
      "+",
      "",
      "",
      "+",
      "+",
      "+",
      "+",
    ],
    Array [
      "",
      "",
      "",
      "+",
      "",
      "",
      "",
      "",
      "",
      "",
    ],
    Array [
      "",
      "",
      "",
      "+",
      "",
      "",
      "",
      "",
      "",
      "+",
    ],
    Array [
      "",
      "",
      "",
      "",
      "",
      "",
      "",
      "",
      "",
      "+",
    ],
    Array [
      "",
      "+",
      "",
      "",
      "",
      "",
      "",
      "",
      "",
      "",
    ],
    Array [
      "",
      "+",
      "",
      "",
      "",
      "",
      "+",
      "",
      "",
      "",
    ],
    Array [
      "",
      "+",
      "",
      "",
      "",
      "",
      "",
      "",
      "",
      "",
    ],
    Array [
      "",
      "",
      "",
      "",
      "",
      "",
      "",
      "",
      "",
      "",
    ],
    Array [
      "",
      "",
      "",
      "+",
      "",
      "+",
      "",
      "",
      "+",
      "",
    ],
    Array [
      "+",
      "",
      "",
      "",
      "",
      "",
      "",
      "",
      "+",
      "",
    ],
  ],
  "state": "playerTurn",
  "waiting": Object {
    "id": "user_2",
    "name": "UserB",
  },
  "winnerId": null,
}
`;

exports[`Game API: Subscription should send message when user make a turn 1`] = `
Object {
  "current": Object {
    "id": "user_2",
    "name": "UserB",
  },
  "enemyBoard": Array [
    Array [
      "",
      "",
      "",
      "",
      "",
      "",
      "",
      "",
      "",
      "",
    ],
    Array [
      "",
      "",
      "",
      "",
      "",
      "",
      "",
      "",
      "",
      "",
    ],
    Array [
      "",
      "",
      "",
      "",
      "",
      "",
      "",
      "",
      "",
      "",
    ],
    Array [
      "",
      "",
      "",
      "",
      "",
      "",
      "",
      "",
      "",
      "",
    ],
    Array [
      "",
      "",
      "",
      "",
      "",
      "",
      "",
      "",
      "",
      "",
    ],
    Array [
      "",
      "",
      "",
      "",
      "",
      "",
      "",
      "",
      "",
      "",
    ],
    Array [
      "",
      "",
      "",
      "",
      "",
      "",
      "",
      "",
      "",
      "",
    ],
    Array [
      "",
      "",
      "",
      "",
      "",
      "",
      "",
      "",
      "",
      "",
    ],
    Array [
      "",
      "",
      "",
      "",
      "",
      "",
      "",
      "",
      "",
      "",
    ],
    Array [
      "",
      "",
      "",
      "",
      "",
      "",
      "",
      "",
      "",
      "",
    ],
  ],
  "id": "game_1",
  "ownBoard": Array [
    Array [
      "+",
      "+",
      "",
      "+",
      "",
      "",
      "+",
      "+",
      "+",
      "+",
    ],
    Array [
      "",
      "o",
      "",
      "+",
      "",
      "",
      "",
      "",
      "",
      "",
    ],
    Array [
      "",
      "",
      "",
      "+",
      "",
      "",
      "",
      "",
      "",
      "+",
    ],
    Array [
      "",
      "",
      "",
      "",
      "",
      "",
      "",
      "",
      "",
      "+",
    ],
    Array [
      "",
      "+",
      "",
      "",
      "",
      "",
      "",
      "",
      "",
      "",
    ],
    Array [
      "",
      "+",
      "",
      "",
      "",
      "",
      "+",
      "",
      "",
      "",
    ],
    Array [
      "",
      "+",
      "",
      "",
      "",
      "",
      "",
      "",
      "",
      "",
    ],
    Array [
      "",
      "",
      "",
      "",
      "",
      "",
      "",
      "",
      "",
      "",
    ],
    Array [
      "",
      "",
      "",
      "+",
      "",
      "+",
      "",
      "",
      "+",
      "",
    ],
    Array [
      "+",
      "",
      "",
      "",
      "",
      "",
      "",
      "",
      "+",
      "",
    ],
  ],
  "state": "playerTurn",
  "waiting": Object {
    "id": "user_1",
    "name": "UserA",
  },
  "winnerId": null,
}
`;
