// Jest Snapshot v1, https://goo.gl/fbAQLP

exports[`Game State transitions MAKE_TURN should finish game when the player destroyed all ships of other player 1`] = `
Object {
  "current": "player_1",
  "enemyBoard": Array [
    Array [
      "x",
      "",
      "",
      "x",
      "",
      "",
      "x",
      "x",
      "x",
      "x",
    ],
    Array [
      "x",
      "",
      "",
      "x",
      "",
      "",
      "",
      "",
      "",
      "",
    ],
    Array [
      "",
      "",
      "",
      "x",
      "",
      "",
      "",
      "",
      "",
      "x",
    ],
    Array [
      "",
      "",
      "",
      "",
      "",
      "",
      "",
      "",
      "",
      "x",
    ],
    Array [
      "",
      "x",
      "x",
      "x",
      "",
      "",
      "",
      "",
      "",
      "",
    ],
    Array [
      "",
      "",
      "",
      "",
      "",
      "",
      "x",
      "",
      "",
      "",
    ],
    Array [
      "",
      "",
      "",
      "",
      "",
      "",
      "",
      "",
      "",
      "",
    ],
    Array [
      "",
      "",
      "",
      "",
      "",
      "",
      "",
      "",
      "",
      "",
    ],
    Array [
      "",
      "",
      "",
      "x",
      "",
      "x",
      "",
      "",
      "x",
      "",
    ],
    Array [
      "x",
      "",
      "",
      "",
      "",
      "",
      "",
      "",
      "x",
      "",
    ],
  ],
  "id": "game_1",
  "ownBoard": Object {
    "cells": Array [
      Array [
        "+",
        "",
        "",
        "+",
        "",
        "",
        "+",
        "+",
        "+",
        "+",
      ],
      Array [
        "+",
        "",
        "",
        "+",
        "",
        "",
        "",
        "",
        "",
        "",
      ],
      Array [
        "",
        "",
        "",
        "+",
        "",
        "",
        "",
        "",
        "",
        "+",
      ],
      Array [
        "",
        "",
        "",
        "",
        "",
        "",
        "",
        "",
        "",
        "+",
      ],
      Array [
        "",
        "+",
        "+",
        "+",
        "",
        "",
        "",
        "",
        "",
        "",
      ],
      Array [
        "",
        "",
        "",
        "",
        "",
        "",
        "+",
        "",
        "",
        "",
      ],
      Array [
        "",
        "",
        "",
        "",
        "",
        "",
        "",
        "",
        "",
        "",
      ],
      Array [
        "",
        "",
        "",
        "",
        "",
        "",
        "",
        "",
        "",
        "",
      ],
      Array [
        "",
        "",
        "",
        "+",
        "",
        "+",
        "",
        "",
        "+",
        "",
      ],
      Array [
        "+",
        "",
        "",
        "",
        "",
        "",
        "",
        "",
        "+",
        "",
      ],
    ],
    "ships": Array [
      Object {
        "direction": 2,
        "health": 0,
        "position": Object {
          "x": 6,
          "y": 0,
        },
        "size": 4,
      },
      Object {
        "direction": 1,
        "health": 0,
        "position": Object {
          "x": 3,
          "y": 0,
        },
        "size": 3,
      },
      Object {
        "direction": 2,
        "health": 0,
        "position": Object {
          "x": 1,
          "y": 4,
        },
        "size": 3,
      },
      Object {
        "direction": 1,
        "health": 0,
        "position": Object {
          "x": 0,
          "y": 0,
        },
        "size": 2,
      },
      Object {
        "direction": 1,
        "health": 0,
        "position": Object {
          "x": 9,
          "y": 2,
        },
        "size": 2,
      },
      Object {
        "direction": 1,
        "health": 0,
        "position": Object {
          "x": 8,
          "y": 8,
        },
        "size": 2,
      },
      Object {
        "direction": 1,
        "health": 0,
        "position": Object {
          "x": 6,
          "y": 5,
        },
        "size": 1,
      },
      Object {
        "direction": 1,
        "health": 0,
        "position": Object {
          "x": 3,
          "y": 8,
        },
        "size": 1,
      },
      Object {
        "direction": 1,
        "health": 0,
        "position": Object {
          "x": 5,
          "y": 8,
        },
        "size": 1,
      },
      Object {
        "direction": 1,
        "health": 0,
        "position": Object {
          "x": 0,
          "y": 9,
        },
        "size": 1,
      },
    ],
  },
  "ownerId": "player_1",
  "secondPlayerId": "player_2",
  "state": "finished",
  "waiting": "player_2",
  "winnerId": "player_1",
}
`;

exports[`Game State transitions MAKE_TURN should hit other player ship and continue current player turn 1`] = `
Object {
  "current": "player_1",
  "enemyBoard": Array [
    Array [
      "",
      "",
      "",
      "",
      "",
      "",
      "x",
      "",
      "",
      "",
    ],
    Array [
      "",
      "",
      "",
      "",
      "",
      "",
      "",
      "",
      "",
      "",
    ],
    Array [
      "",
      "",
      "",
      "",
      "",
      "",
      "",
      "",
      "",
      "",
    ],
    Array [
      "",
      "",
      "",
      "",
      "",
      "",
      "",
      "",
      "",
      "",
    ],
    Array [
      "",
      "",
      "",
      "",
      "",
      "",
      "",
      "",
      "",
      "",
    ],
    Array [
      "",
      "",
      "",
      "",
      "",
      "",
      "",
      "",
      "",
      "",
    ],
    Array [
      "",
      "",
      "",
      "",
      "",
      "",
      "",
      "",
      "",
      "",
    ],
    Array [
      "",
      "",
      "",
      "",
      "",
      "",
      "",
      "",
      "",
      "",
    ],
    Array [
      "",
      "",
      "",
      "",
      "",
      "",
      "",
      "",
      "",
      "",
    ],
    Array [
      "",
      "",
      "",
      "",
      "",
      "",
      "",
      "",
      "",
      "",
    ],
  ],
  "id": "game_1",
  "ownBoard": Object {
    "cells": Array [
      Array [
        "+",
        "",
        "",
        "+",
        "",
        "",
        "+",
        "+",
        "+",
        "+",
      ],
      Array [
        "+",
        "",
        "",
        "+",
        "",
        "",
        "",
        "",
        "",
        "",
      ],
      Array [
        "",
        "",
        "",
        "+",
        "",
        "",
        "",
        "",
        "",
        "+",
      ],
      Array [
        "",
        "",
        "",
        "",
        "",
        "",
        "",
        "",
        "",
        "+",
      ],
      Array [
        "",
        "+",
        "+",
        "+",
        "",
        "",
        "",
        "",
        "",
        "",
      ],
      Array [
        "",
        "",
        "",
        "",
        "",
        "",
        "+",
        "",
        "",
        "",
      ],
      Array [
        "",
        "",
        "",
        "",
        "",
        "",
        "",
        "",
        "",
        "",
      ],
      Array [
        "",
        "",
        "",
        "",
        "",
        "",
        "",
        "",
        "",
        "",
      ],
      Array [
        "",
        "",
        "",
        "+",
        "",
        "+",
        "",
        "",
        "+",
        "",
      ],
      Array [
        "+",
        "",
        "",
        "",
        "",
        "",
        "",
        "",
        "+",
        "",
      ],
    ],
    "ships": Array [
      Object {
        "direction": 2,
        "health": 3,
        "position": Object {
          "x": 6,
          "y": 0,
        },
        "size": 4,
      },
      Object {
        "direction": 1,
        "health": 3,
        "position": Object {
          "x": 3,
          "y": 0,
        },
        "size": 3,
      },
      Object {
        "direction": 2,
        "health": 3,
        "position": Object {
          "x": 1,
          "y": 4,
        },
        "size": 3,
      },
      Object {
        "direction": 1,
        "health": 2,
        "position": Object {
          "x": 0,
          "y": 0,
        },
        "size": 2,
      },
      Object {
        "direction": 1,
        "health": 2,
        "position": Object {
          "x": 9,
          "y": 2,
        },
        "size": 2,
      },
      Object {
        "direction": 1,
        "health": 2,
        "position": Object {
          "x": 8,
          "y": 8,
        },
        "size": 2,
      },
      Object {
        "direction": 1,
        "health": 1,
        "position": Object {
          "x": 6,
          "y": 5,
        },
        "size": 1,
      },
      Object {
        "direction": 1,
        "health": 1,
        "position": Object {
          "x": 3,
          "y": 8,
        },
        "size": 1,
      },
      Object {
        "direction": 1,
        "health": 1,
        "position": Object {
          "x": 5,
          "y": 8,
        },
        "size": 1,
      },
      Object {
        "direction": 1,
        "health": 1,
        "position": Object {
          "x": 0,
          "y": 9,
        },
        "size": 1,
      },
    ],
  },
  "ownerId": "player_1",
  "secondPlayerId": "player_2",
  "state": "playerTurn",
  "waiting": "player_2",
  "winnerId": null,
}
`;

exports[`Game State transitions MAKE_TURN should keep player turn on shooting at the hit cell 1`] = `
Object {
  "current": "player_1",
  "enemyBoard": Array [
    Array [
      "",
      "",
      "",
      "",
      "",
      "",
      "x",
      "",
      "",
      "",
    ],
    Array [
      "",
      "",
      "",
      "",
      "",
      "",
      "",
      "",
      "",
      "",
    ],
    Array [
      "",
      "",
      "",
      "",
      "",
      "",
      "",
      "",
      "",
      "",
    ],
    Array [
      "",
      "",
      "",
      "",
      "",
      "",
      "",
      "",
      "",
      "",
    ],
    Array [
      "",
      "",
      "",
      "",
      "",
      "",
      "",
      "",
      "",
      "",
    ],
    Array [
      "",
      "",
      "",
      "",
      "",
      "",
      "",
      "",
      "",
      "",
    ],
    Array [
      "",
      "",
      "",
      "",
      "",
      "",
      "",
      "",
      "",
      "",
    ],
    Array [
      "",
      "",
      "",
      "",
      "",
      "",
      "",
      "",
      "",
      "",
    ],
    Array [
      "",
      "",
      "",
      "",
      "",
      "",
      "",
      "",
      "",
      "",
    ],
    Array [
      "",
      "",
      "",
      "",
      "",
      "",
      "",
      "",
      "",
      "",
    ],
  ],
  "id": "game_1",
  "ownBoard": Object {
    "cells": Array [
      Array [
        "+",
        "",
        "",
        "+",
        "",
        "",
        "+",
        "+",
        "+",
        "+",
      ],
      Array [
        "+",
        "",
        "",
        "+",
        "",
        "",
        "",
        "",
        "",
        "",
      ],
      Array [
        "",
        "",
        "",
        "+",
        "",
        "",
        "",
        "",
        "",
        "+",
      ],
      Array [
        "",
        "",
        "",
        "",
        "",
        "",
        "",
        "",
        "",
        "+",
      ],
      Array [
        "",
        "+",
        "+",
        "+",
        "",
        "",
        "",
        "",
        "",
        "",
      ],
      Array [
        "",
        "",
        "",
        "",
        "",
        "",
        "+",
        "",
        "",
        "",
      ],
      Array [
        "",
        "",
        "",
        "",
        "",
        "",
        "",
        "",
        "",
        "",
      ],
      Array [
        "",
        "",
        "",
        "",
        "",
        "",
        "",
        "",
        "",
        "",
      ],
      Array [
        "",
        "",
        "",
        "+",
        "",
        "+",
        "",
        "",
        "+",
        "",
      ],
      Array [
        "+",
        "",
        "",
        "",
        "",
        "",
        "",
        "",
        "+",
        "",
      ],
    ],
    "ships": Array [
      Object {
        "direction": 2,
        "health": 3,
        "position": Object {
          "x": 6,
          "y": 0,
        },
        "size": 4,
      },
      Object {
        "direction": 1,
        "health": 3,
        "position": Object {
          "x": 3,
          "y": 0,
        },
        "size": 3,
      },
      Object {
        "direction": 2,
        "health": 3,
        "position": Object {
          "x": 1,
          "y": 4,
        },
        "size": 3,
      },
      Object {
        "direction": 1,
        "health": 2,
        "position": Object {
          "x": 0,
          "y": 0,
        },
        "size": 2,
      },
      Object {
        "direction": 1,
        "health": 2,
        "position": Object {
          "x": 9,
          "y": 2,
        },
        "size": 2,
      },
      Object {
        "direction": 1,
        "health": 2,
        "position": Object {
          "x": 8,
          "y": 8,
        },
        "size": 2,
      },
      Object {
        "direction": 1,
        "health": 1,
        "position": Object {
          "x": 6,
          "y": 5,
        },
        "size": 1,
      },
      Object {
        "direction": 1,
        "health": 1,
        "position": Object {
          "x": 3,
          "y": 8,
        },
        "size": 1,
      },
      Object {
        "direction": 1,
        "health": 1,
        "position": Object {
          "x": 5,
          "y": 8,
        },
        "size": 1,
      },
      Object {
        "direction": 1,
        "health": 1,
        "position": Object {
          "x": 0,
          "y": 9,
        },
        "size": 1,
      },
    ],
  },
  "ownerId": "player_1",
  "secondPlayerId": "player_2",
  "state": "playerTurn",
  "waiting": "player_2",
  "winnerId": null,
}
`;

exports[`Game State transitions MAKE_TURN should switch player on miss 1`] = `
Object {
  "current": "player_2",
  "enemyBoard": Array [
    Array [
      "",
      "",
      "",
      "",
      "",
      "",
      "",
      "",
      "",
      "",
    ],
    Array [
      "",
      "",
      "",
      "",
      "",
      "",
      "",
      "",
      "",
      "",
    ],
    Array [
      "",
      "",
      "",
      "",
      "",
      "",
      "",
      "",
      "",
      "",
    ],
    Array [
      "",
      "",
      "",
      "",
      "",
      "",
      "",
      "",
      "",
      "",
    ],
    Array [
      "",
      "",
      "",
      "",
      "",
      "",
      "",
      "",
      "",
      "",
    ],
    Array [
      "",
      "",
      "",
      "",
      "",
      "",
      "",
      "",
      "",
      "",
    ],
    Array [
      "",
      "",
      "",
      "",
      "",
      "",
      "",
      "",
      "",
      "",
    ],
    Array [
      "",
      "",
      "",
      "",
      "",
      "",
      "",
      "",
      "",
      "",
    ],
    Array [
      "",
      "",
      "",
      "",
      "",
      "",
      "",
      "",
      "",
      "",
    ],
    Array [
      "",
      "",
      "",
      "",
      "",
      "",
      "",
      "",
      "",
      "",
    ],
  ],
  "id": "game_1",
  "ownBoard": Object {
    "cells": Array [
      Array [
        "+",
        "",
        "",
        "+",
        "",
        "o",
        "+",
        "+",
        "+",
        "+",
      ],
      Array [
        "+",
        "",
        "",
        "+",
        "",
        "",
        "",
        "",
        "",
        "",
      ],
      Array [
        "",
        "",
        "",
        "+",
        "",
        "",
        "",
        "",
        "",
        "+",
      ],
      Array [
        "",
        "",
        "",
        "",
        "",
        "",
        "",
        "",
        "",
        "+",
      ],
      Array [
        "",
        "+",
        "+",
        "+",
        "",
        "",
        "",
        "",
        "",
        "",
      ],
      Array [
        "",
        "",
        "",
        "",
        "",
        "",
        "+",
        "",
        "",
        "",
      ],
      Array [
        "",
        "",
        "",
        "",
        "",
        "",
        "",
        "",
        "",
        "",
      ],
      Array [
        "",
        "",
        "",
        "",
        "",
        "",
        "",
        "",
        "",
        "",
      ],
      Array [
        "",
        "",
        "",
        "+",
        "",
        "+",
        "",
        "",
        "+",
        "",
      ],
      Array [
        "+",
        "",
        "",
        "",
        "",
        "",
        "",
        "",
        "+",
        "",
      ],
    ],
    "ships": Array [
      Object {
        "direction": 2,
        "health": 4,
        "position": Object {
          "x": 6,
          "y": 0,
        },
        "size": 4,
      },
      Object {
        "direction": 1,
        "health": 3,
        "position": Object {
          "x": 3,
          "y": 0,
        },
        "size": 3,
      },
      Object {
        "direction": 2,
        "health": 3,
        "position": Object {
          "x": 1,
          "y": 4,
        },
        "size": 3,
      },
      Object {
        "direction": 1,
        "health": 2,
        "position": Object {
          "x": 0,
          "y": 0,
        },
        "size": 2,
      },
      Object {
        "direction": 1,
        "health": 2,
        "position": Object {
          "x": 9,
          "y": 2,
        },
        "size": 2,
      },
      Object {
        "direction": 1,
        "health": 2,
        "position": Object {
          "x": 8,
          "y": 8,
        },
        "size": 2,
      },
      Object {
        "direction": 1,
        "health": 1,
        "position": Object {
          "x": 6,
          "y": 5,
        },
        "size": 1,
      },
      Object {
        "direction": 1,
        "health": 1,
        "position": Object {
          "x": 3,
          "y": 8,
        },
        "size": 1,
      },
      Object {
        "direction": 1,
        "health": 1,
        "position": Object {
          "x": 5,
          "y": 8,
        },
        "size": 1,
      },
      Object {
        "direction": 1,
        "health": 1,
        "position": Object {
          "x": 0,
          "y": 9,
        },
        "size": 1,
      },
    ],
  },
  "ownerId": "player_1",
  "secondPlayerId": "player_2",
  "state": "playerTurn",
  "waiting": "player_1",
  "winnerId": null,
}
`;
